
Memory Configuration

Name             Origin             Length             Attributes
ELF1             0x0000000000001094 0x000000007fffef6c xrw
TXT0             0x0000000000000300 0x0000000000fffd00 xrw
*default*        0x0000000000000000 0xffffffffffffffff

Linker script and memory map

TARGET(elf32-s390)

.text           0x0000000000002094       0x8c
                0x00000000000020a0                . = ALIGN (0x10)
 *fill*         0x0000000000002094        0xc 00
 *(.text)
 .text          0x00000000000020a0       0x78 /home/harold/SATK/samples/embedded/fba/s390/embed.o
                0x00000000000020a0                _start
                0x0000000000002120                . = ALIGN (0x10)
 *fill*         0x0000000000002118        0x8 00
 *(.data)
 .data          0x0000000000002120        0x0 /home/harold/SATK/samples/embedded/fba/s390/embed.o
                0x0000000000002120                . = ALIGN (0x10)
                0x0000000000002120                PROVIDE (_GOT_begin, .)
 *(.got)
                0x0000000000002120                PROVIDE (_GOT_end, .)
                0x0000000000002120                . = ALIGN (0x10)
 *(.shstrtab)
                0x0000000000002120                . = ALIGN (0x10)
 *(.symtab)
                0x0000000000002120                . = ALIGN (0x10)
 *(.strtab)
                0x0000000000002120                . = ALIGN (0x10)
 *(.rela.text)
                0x0000000000002120                . = ALIGN (0x10)
 *(.bss)
 .bss           0x0000000000002120        0x0 /home/harold/SATK/samples/embedded/fba/s390/embed.o

.lodr           0x0000000000000300      0x218
 *(.loader)
 .loader        0x0000000000000300      0x218 /home/harold/SATK/samples/embedded/fba/s390/embed.o

/DISCARD/
 *(.rela.loader)
LOAD /home/harold/SATK/samples/embedded/fba/s390/embed.o
OUTPUT(/home/harold/SATK/samples/embedded/fba/s390/embed elf32-s390)

Cross Reference Table

Symbol                                            File
_start                                            /home/harold/SATK/samples/embedded/fba/s390/embed.o
