
Memory Configuration

Name             Origin             Length             Attributes
TXT1             0x0000000000000400 0x0000000000000e00 xrw
ELF2             0x00000000000020e8 0xffffffffffffdf18 xrw
*default*        0x0000000000000000 0xffffffffffffffff

Linker script and memory map

TARGET(elf64-s390)

.lodr           0x0000000000000400      0x2a0
 *(.loader)
 .loader        0x0000000000000400      0x2a0 /home/harold/SATKREPO/SATK/samples/embedded/fba/s390x/build/embed.o

.text           0x00000000000020e8       0x58
                0x00000000000020f0                . = ALIGN (0x10)
 *fill*         0x00000000000020e8        0x8 
 *(.text)
 .text          0x00000000000020f0       0x50 /home/harold/SATKREPO/SATK/samples/embedded/fba/s390x/build/embed.o
                0x00000000000020f0                _start
                0x0000000000002140                . = ALIGN (0x10)
 *(.data)
 .data          0x0000000000002140        0x0 /home/harold/SATKREPO/SATK/samples/embedded/fba/s390x/build/embed.o
                0x0000000000002140                . = ALIGN (0x10)
                0x0000000000002140                PROVIDE (_GOT_begin, .)
 *(.got)
                0x0000000000002140                PROVIDE (_GOT_end, .)
                0x0000000000002140                . = ALIGN (0x10)
 *(.shstrtab)
                0x0000000000002140                . = ALIGN (0x10)
 *(.symtab)
                0x0000000000002140                . = ALIGN (0x10)
 *(.strtab)
                0x0000000000002140                . = ALIGN (0x10)
 *(.rela.text)
                0x0000000000002140                . = ALIGN (0x10)
 *(.bss)
 .bss           0x0000000000002140        0x0 /home/harold/SATKREPO/SATK/samples/embedded/fba/s390x/build/embed.o

/DISCARD/
 *(.rela.loader)
LOAD /home/harold/SATKREPO/SATK/samples/embedded/fba/s390x/build/embed.o
OUTPUT(/home/harold/SATKREPO/SATK/samples/embedded/fba/s390x/build/embed elf64-s390)

Cross Reference Table

Symbol                                            File
_start                                            /home/harold/SATKREPO/SATK/samples/embedded/fba/s390x/build/embed.o
