
Memory Configuration

Name             Origin             Length             Attributes
TXT0             0x0000000000000400 0x0000000000fffc00 xrw
ELF1             0x0000000000001094 0x000000007fffef6c xrw
*default*        0x0000000000000000 0xffffffffffffffff

Linker script and memory map

TARGET(elf32-s390)

.lodr           0x0000000000000400      0x218
 *(.loader)
 .loader        0x0000000000000400      0x218 /home/harold/SATKREPO/SATK/samples/embedded/fba/s390/build/embed.o

.text           0x0000000000002094       0x5c
                0x00000000000020a0                . = ALIGN (0x10)
 *fill*         0x0000000000002094        0xc 
 *(.text)
 .text          0x00000000000020a0       0x50 /home/harold/SATKREPO/SATK/samples/embedded/fba/s390/build/embed.o
                0x00000000000020a0                _start
                0x00000000000020f0                . = ALIGN (0x10)
 *(.data)
 .data          0x00000000000020f0        0x0 /home/harold/SATKREPO/SATK/samples/embedded/fba/s390/build/embed.o
                0x00000000000020f0                . = ALIGN (0x10)
                0x00000000000020f0                PROVIDE (_GOT_begin, .)
 *(.got)
                0x00000000000020f0                PROVIDE (_GOT_end, .)
                0x00000000000020f0                . = ALIGN (0x10)
 *(.shstrtab)
                0x00000000000020f0                . = ALIGN (0x10)
 *(.symtab)
                0x00000000000020f0                . = ALIGN (0x10)
 *(.strtab)
                0x00000000000020f0                . = ALIGN (0x10)
 *(.rela.text)
                0x00000000000020f0                . = ALIGN (0x10)
 *(.bss)
 .bss           0x00000000000020f0        0x0 /home/harold/SATKREPO/SATK/samples/embedded/fba/s390/build/embed.o

/DISCARD/
 *(.rela.loader)
LOAD /home/harold/SATKREPO/SATK/samples/embedded/fba/s390/build/embed.o
OUTPUT(/home/harold/SATKREPO/SATK/samples/embedded/fba/s390/build/embed elf32-s390)

Cross Reference Table

Symbol                                            File
_start                                            /home/harold/SATKREPO/SATK/samples/embedded/fba/s390/build/embed.o
